// Jest Snapshot v1, https://goo.gl/fbAQLP

exports[`ChangePinComponent should render with loading props 1`] = `
<SceneWrapper
  background="theme"
  hasTabs={false}
>
  <UNDEFINED
    account={Object {}}
    context={
      Object {
        "apiKey": "",
        "appId": "",
      }
    }
    onComplete={[Function]}
  />
</SceneWrapper>
`;
