// Jest Snapshot v1, https://goo.gl/fbAQLP

exports[`ChangePinComponent should render with loading props 1`] = `
<SceneWrapper
  background="body"
  hasTabs={false}
>
  <UNDEFINED
    account={[Function]}
    context={
      Object {
        "apiKey": "",
        "appId": "",
      }
    }
    onCancel={[Function]}
    onComplete={[Function]}
    showHeader={false}
  />
</SceneWrapper>
`;
