// Jest Snapshot v1, https://goo.gl/fbAQLP

exports[`CreateWalletImportScene should render with loading props 1`] = `
<BVLinearGradient
  colors={
    [
      4278585612,
      4279971643,
    ]
  }
  endPoint={
    {
      "x": 1,
      "y": 0,
    }
  }
  locations={null}
  startPoint={
    {
      "x": 0,
      "y": 0,
    }
  }
  style={
    {
      "bottom": 0,
      "left": 0,
      "position": "absolute",
      "right": 0,
      "top": 0,
    }
  }
>
  <View
    style={
      [
        {
          "alignItems": "stretch",
          "flexDirection": "column",
          "justifyContent": "flex-start",
          "position": "absolute",
        },
        {
          "bottom": 0,
          "left": 0,
          "padding": 0,
          "right": 0,
          "top": 64,
        },
      ]
    }
  >
    <View
      style={
        [
          {
            "justifyContent": "center",
            "marginHorizontal": 22,
            "paddingBottom": 22,
          },
          {
            "marginTop": 22,
          },
          undefined,
        ]
      }
    >
      <View
        style={
          {
            "alignItems": "center",
            "flexDirection": "row",
            "justifyContent": "space-between",
          }
        }
      >
        <Text
          adjustsFontSizeToFit={true}
          minimumFontScale={0.65}
          numberOfLines={1}
          style={
            [
              {
                "color": "#FFFFFF",
                "fontFamily": "Quicksand-Regular",
                "fontSize": 22,
                "includeFontPadding": false,
              },
              {
                "fontFamily": "Quicksand-Medium",
                "fontSize": 27,
              },
              null,
            ]
          }
        >
          Import Wallet
        </Text>
      </View>
    </View>
    <View
      style={
        {
          "flexDirection": "row",
          "justifyContent": "center",
          "marginVertical": 45,
        }
      }
    >
      <ImportKeySvg
        accessibilityHint="Import Key"
        color="#00f1a2"
        height={36}
        width={83}
      />
    </View>
    <Text
      adjustsFontSizeToFit={true}
      minimumFontScale={0.65}
      numberOfLines={2}
      style={
        [
          {
            "color": "#FFFFFF",
            "fontFamily": "Quicksand-Regular",
            "fontSize": 22,
            "includeFontPadding": false,
          },
          {
            "color": "#FFFFFF",
            "fontSize": 22,
            "marginBottom": 22,
            "marginHorizontal": 11,
            "marginTop": 11,
            "paddingHorizontal": 22,
            "textAlign": "center",
          },
          null,
        ]
      }
    >
      Enter your private seed, private key, or active key to verify and restore the associated wallet
    </Text>
    <View
      accessibilityState={
        {
          "busy": undefined,
          "checked": undefined,
          "disabled": undefined,
          "expanded": undefined,
          "selected": undefined,
        }
      }
      accessible={false}
      focusable={true}
      onClick={[Function]}
      onLayout={[Function]}
      onResponderGrant={[Function]}
      onResponderMove={[Function]}
      onResponderRelease={[Function]}
      onResponderTerminate={[Function]}
      onResponderTerminationRequest={[Function]}
      onStartShouldSetResponder={[Function]}
      style={
        [
          {
            "alignItems": "center",
            "backgroundColor": "rgba(255, 255, 255, 0)",
            "borderRadius": 11,
            "flexDirection": "row",
            "minHeight": 67,
            "paddingHorizontal": 22,
          },
          {
            "flexGrow": 0,
            "marginBottom": 28,
            "marginLeft": 17,
            "marginRight": 17,
            "marginTop": 22,
            "paddingLeft": 22,
            "paddingRight": 65,
            "paddingVertical": 0,
          },
        ]
      }
    >
      <View
        style={
          [
            {
              "borderTopWidth": 1,
              "bottom": 0,
              "left": 22,
              "position": "absolute",
              "right": 22,
            },
            {
              "borderColor": undefined,
              "right": 11,
            },
          ]
        }
      />
      <View
        style={
          [
            {
              "borderBottomLeftRadius": 11,
              "borderBottomWidth": 1,
              "borderLeftWidth": 1,
              "borderRightWidth": 0,
              "borderTopLeftRadius": 11,
              "borderTopWidth": 1,
              "bottom": 0,
              "left": 0,
              "position": "absolute",
              "top": 0,
              "width": 22,
            },
            {
              "borderColor": undefined,
            },
          ]
        }
      />
      <View
        style={
          [
            {
              "borderBottomRightRadius": 11,
              "borderBottomWidth": 1,
              "borderLeftWidth": 0,
              "borderRightWidth": 1,
              "borderTopRightRadius": 11,
              "borderTopWidth": 1,
              "bottom": 0,
              "position": "absolute",
              "right": 0,
              "top": 0,
              "width": 22,
            },
            {
              "borderColor": undefined,
            },
          ]
        }
      />
      <View
        style={
          [
            {
              "borderTopWidth": 1,
              "left": 22,
              "position": "absolute",
              "right": 22,
              "top": 0,
            },
            {
              "borderColor": undefined,
              "left": 22,
            },
          ]
        }
      />
      <View
        style={
          [
            {
              "height": 67,
              "justifyContent": "center",
              "left": 0,
              "paddingHorizontal": 22,
              "position": "absolute",
              "right": 0,
              "top": 0,
            },
            {
              "paddingLeft": 22,
              "paddingRight": 65,
            },
          ]
        }
      >
        <Text
          accessible={true}
          numberOfLines={1}
          onLayout={[Function]}
          style={
            [
              {
                "alignSelf": "flex-start",
                "fontFamily": "Quicksand-Regular",
                "fontSize": 22,
                "padding": 0,
              },
              {
                "color": undefined,
                "transform": [
                  {
                    "translateX": 0,
                  },
                  {
                    "translateY": -0,
                  },
                  {
                    "scale": 1,
                  },
                ],
              },
            ]
          }
          testID="undefined.labelText"
        >
          Private Key or Private Seed
        </Text>
      </View>
      <View
        style={
          {
            "bottom": -45,
            "height": 45,
            "left": 0,
            "paddingLeft": 22,
            "paddingRight": 39,
            "position": "absolute",
            "right": 0,
          }
        }
      >
        <Text
          accessible={true}
          numberOfLines={2}
          style={
            [
              {
                "color": "#E85466",
                "fontFamily": "Quicksand-Regular",
                "fontSize": 17,
              },
              {
                "opacity": 0,
              },
            ]
          }
          testID="undefined.subText"
        />
      </View>
      <Text
        accessible={true}
        numberOfLines={1}
        onLayout={[Function]}
        style={
          [
            {
              "bottom": -10,
              "fontFamily": "Quicksand-Regular",
              "fontSize": 17,
              "position": "absolute",
              "right": 28,
            },
            {
              "color": undefined,
              "opacity": 0,
              "transform": [
                {
                  "translateX": 6,
                },
                {
                  "scale": 0,
                },
              ],
            },
          ]
        }
        testID="undefined.charLimit"
      />
      <TextInput
        accessibilityState={
          {
            "disabled": false,
          }
        }
        accessible={true}
        autoCapitalize="none"
        autoCorrect={false}
        autoFocus={true}
        editable={true}
        multiline={false}
        onBlur={[Function]}
        onChangeText={[Function]}
        onFocus={[Function]}
        onSubmitEditing={[Function]}
        returnKeyType="next"
        secureTextEntry={false}
        selectionColor="#FFFFFF"
        style={
          [
            {
              "color": "#FFFFFF",
              "flexGrow": 1,
              "flexShrink": 1,
              "fontFamily": "Quicksand-Regular",
              "padding": 0,
            },
            {
              "fontSize": 22,
            },
          ]
        }
        testID="undefined.textInput"
        textAlignVertical="top"
        value=""
      />
    </View>
    <View
      accessibilityState={
        {
          "busy": undefined,
          "checked": undefined,
          "disabled": false,
          "expanded": undefined,
          "selected": undefined,
        }
      }
      accessibilityValue={
        {
          "max": undefined,
          "min": undefined,
          "now": undefined,
          "text": undefined,
        }
      }
      accessible={true}
      collapsable={false}
      focusable={true}
      onClick={[Function]}
      onResponderGrant={[Function]}
      onResponderMove={[Function]}
      onResponderRelease={[Function]}
      onResponderTerminate={[Function]}
      onResponderTerminationRequest={[Function]}
      onStartShouldSetResponder={[Function]}
      style={
        {
          "elevation": 0,
          "opacity": 1,
          "shadowColor": "#000000",
          "shadowOffset": {
            "height": 0,
            "width": 0,
          },
          "shadowOpacity": 0,
          "shadowRadius": 0,
        }
      }
    >
      <BVLinearGradient
        colors={
          [
            16777215,
            16777215,
          ]
        }
        endPoint={
          {
            "x": 1,
            "y": 1,
          }
        }
        locations={null}
        startPoint={
          {
            "x": 0,
            "y": 0,
          }
        }
        style={
          [
            {
              "alignItems": "center",
              "borderColor": "#00f1a2",
              "borderRadius": 6,
              "borderWidth": 1.5,
              "flexDirection": "row",
              "justifyContent": "center",
              "minHeight": 67,
              "minWidth": 202,
            },
            {
              "alignSelf": "center",
              "marginBottom": 11,
              "marginLeft": 11,
              "marginRight": 11,
              "marginTop": 11,
              "opacity": 1,
              "paddingBottom": 0,
              "paddingLeft": 0,
              "paddingRight": 0,
              "paddingTop": 0,
            },
            {
              "borderRadius": 6,
              "paddingLeft": 0,
              "paddingRight": 0,
            },
          ]
        }
      >
        <Text
          adjustsFontSizeToFit={true}
          minimumFontScale={0.75}
          numberOfLines={1}
          style={
            {
              "color": "#00f1a2",
              "fontFamily": "Quicksand-Regular",
              "fontSize": 22,
              "marginHorizontal": 0,
              "paddingBottom": 11,
              "paddingLeft": 17,
              "paddingRight": 17,
              "paddingTop": 11,
            }
          }
        >
          Next
        </Text>
      </BVLinearGradient>
    </View>
  </View>
</BVLinearGradient>
`;
