// Jest Snapshot v1, https://goo.gl/fbAQLP

exports[`CreateWalletChoiceScene should render with loading props 1`] = `
<SceneWrapper
  avoidKeyboard={true}
  background="theme"
>
  <Memo(SceneHeaderComponent)
    title="Create Wallet"
    withTopMargin={true}
  />
  <View
    style={
      Object {
        "flexDirection": "row",
        "justifyContent": "center",
        "marginVertical": 22,
      }
    }
  >
    <UNDEFINED
      color="#66EDA8"
      height={0}
      width={0}
    />
  </View>
  <WithTheme(EdgeTextComponent)
    numberOfLines={2}
    style={
      Object {
        "color": "#FFFFFF",
        "fontSize": 22,
        "marginBottom": 45,
        "marginHorizontal": 56,
        "marginTop": 11,
        "paddingHorizontal": 22,
        "textAlign": "center",
      }
    }
  >
    Create a new wallet or import an existing wallet using the private seed
  </WithTheme(EdgeTextComponent)>
  <View
    onLayout={[Function]}
  >
    <MainButton
      alignSelf="stretch"
      label="Create New Wallet"
      marginRem={
        Array [
          1,
          1,
        ]
      }
      onPress={[Function]}
      type="secondary"
    />
  </View>
  <MainButton
    alignSelf="stretch"
    label="Import Wallet"
    onPress={[Function]}
    type="escape"
  />
</SceneWrapper>
`;
