// Jest Snapshot v1, https://goo.gl/fbAQLP

exports[`CurrencySettings should render 1`] = `
<BVLinearGradient
  colors={
    [
      4278585612,
      4279971643,
    ]
  }
  endPoint={
    {
      "x": 1,
      "y": 0,
    }
  }
  locations={null}
  startPoint={
    {
      "x": 0,
      "y": 0,
    }
  }
  style={
    {
      "bottom": 0,
      "left": 0,
      "position": "absolute",
      "right": 0,
      "top": 0,
    }
  }
>
  <View
    style={
      [
        {
          "alignItems": "stretch",
          "flexDirection": "column",
          "justifyContent": "flex-start",
          "position": "absolute",
        },
        {
          "bottom": 0,
          "left": 0,
          "padding": 0,
          "right": 0,
          "top": 64,
        },
      ]
    }
  >
    <RCTScrollView>
      <View>
        <BVLinearGradient
          colors={
            [
              4279377189,
              4279377189,
            ]
          }
          endPoint={
            {
              "x": 1,
              "y": 1,
            }
          }
          locations={null}
          startPoint={
            {
              "x": 0,
              "y": 0,
            }
          }
          style={
            {
              "alignItems": "center",
              "flexDirection": "row",
              "justifyContent": "flex-start",
              "minHeight": 62,
              "padding": 22,
            }
          }
        >
          <Text
            style={
              {
                "color": "#FFFFFF",
                "flexGrow": 1,
                "flexShrink": 1,
                "fontFamily": "Quicksand-Medium",
                "fontSize": 22,
                "textAlign": "left",
              }
            }
          >
            Denominations
          </Text>
        </BVLinearGradient>
        <View
          accessibilityValue={
            {
              "max": undefined,
              "min": undefined,
              "now": undefined,
              "text": undefined,
            }
          }
          accessible={true}
          focusable={true}
          onClick={[Function]}
          onResponderGrant={[Function]}
          onResponderMove={[Function]}
          onResponderRelease={[Function]}
          onResponderTerminate={[Function]}
          onResponderTerminationRequest={[Function]}
          onStartShouldSetResponder={[Function]}
          style={
            {
              "alignItems": "center",
              "backgroundColor": "rgba(255, 255, 255, 0)",
              "flexDirection": "row",
              "marginBottom": 1,
              "minHeight": 67,
              "padding": 11,
            }
          }
        >
          <Text
            style={
              {
                "color": "#FFFFFF",
                "flexShrink": 1,
                "fontFamily": "Quicksand-Regular",
                "fontSize": 22,
                "paddingHorizontal": 11,
                "textAlign": "left",
              }
            }
          >
            <Text
              style={
                {
                  "fontFamily": "Quicksand-Regular",
                }
              }
            >
              ₿
            </Text>
             - BTG
          </Text>
          <Text
            style={
              {
                "color": "#FFFFFF",
                "flexGrow": 1,
                "flexShrink": 1,
                "fontFamily": "Quicksand-Regular",
                "fontSize": 22,
                "paddingHorizontal": 11,
                "textAlign": "left",
              }
            }
          />
          <View>
            <View
              pending={false}
              style={
                [
                  {
                    "aspectRatio": 1,
                    "position": "absolute",
                    "width": "100%",
                    "zIndex": 1,
                  },
                  {
                    "opacity": 0,
                  },
                ]
              }
            >
              <ActivityIndicator
                color="#00f1a2"
                style={
                  {
                    "height": 34,
                    "marginHorizontal": 11,
                  }
                }
              />
            </View>
            <View
              pending={false}
              style={
                {
                  "opacity": 1,
                }
              }
            >
              <Text
                accessibilityHint="On undefined"
                accessibilityRole="radio"
                allowFontScaling={false}
                style={
                  [
                    {
                      "color": undefined,
                      "fontSize": 12,
                    },
                    {
                      "color": "#00f1a2",
                      "fontSize": 28,
                      "marginHorizontal": 11,
                    },
                    {
                      "fontFamily": "Ionicons",
                      "fontStyle": "normal",
                      "fontWeight": "normal",
                    },
                    {},
                  ]
                }
              >
                
              </Text>
            </View>
          </View>
        </View>
        <View
          accessibilityValue={
            {
              "max": undefined,
              "min": undefined,
              "now": undefined,
              "text": undefined,
            }
          }
          accessible={true}
          focusable={true}
          onClick={[Function]}
          onResponderGrant={[Function]}
          onResponderMove={[Function]}
          onResponderRelease={[Function]}
          onResponderTerminate={[Function]}
          onResponderTerminationRequest={[Function]}
          onStartShouldSetResponder={[Function]}
          style={
            {
              "alignItems": "center",
              "backgroundColor": "rgba(255, 255, 255, 0)",
              "flexDirection": "row",
              "marginBottom": 1,
              "minHeight": 67,
              "padding": 11,
            }
          }
        >
          <Text
            style={
              {
                "color": "#FFFFFF",
                "flexShrink": 1,
                "fontFamily": "Quicksand-Regular",
                "fontSize": 22,
                "paddingHorizontal": 11,
                "textAlign": "left",
              }
            }
          >
            <Text
              style={
                {
                  "fontFamily": "Quicksand-Regular",
                }
              }
            >
              m₿
            </Text>
             - mBTG
          </Text>
          <Text
            style={
              {
                "color": "#FFFFFF",
                "flexGrow": 1,
                "flexShrink": 1,
                "fontFamily": "Quicksand-Regular",
                "fontSize": 22,
                "paddingHorizontal": 11,
                "textAlign": "left",
              }
            }
          />
          <View>
            <View
              pending={false}
              style={
                [
                  {
                    "aspectRatio": 1,
                    "position": "absolute",
                    "width": "100%",
                    "zIndex": 1,
                  },
                  {
                    "opacity": 0,
                  },
                ]
              }
            >
              <ActivityIndicator
                color="#00f1a2"
                style={
                  {
                    "height": 34,
                    "marginHorizontal": 11,
                  }
                }
              />
            </View>
            <View
              pending={false}
              style={
                {
                  "opacity": 1,
                }
              }
            >
              <Text
                accessibilityHint="Off undefined"
                accessibilityRole="radio"
                allowFontScaling={false}
                style={
                  [
                    {
                      "color": undefined,
                      "fontSize": 12,
                    },
                    {
                      "color": "#00f1a2",
                      "fontSize": 28,
                      "marginHorizontal": 11,
                    },
                    {
                      "fontFamily": "Ionicons",
                      "fontStyle": "normal",
                      "fontWeight": "normal",
                    },
                    {},
                  ]
                }
              >
                
              </Text>
            </View>
          </View>
        </View>
        <View
          accessibilityValue={
            {
              "max": undefined,
              "min": undefined,
              "now": undefined,
              "text": undefined,
            }
          }
          accessible={true}
          focusable={true}
          onClick={[Function]}
          onResponderGrant={[Function]}
          onResponderMove={[Function]}
          onResponderRelease={[Function]}
          onResponderTerminate={[Function]}
          onResponderTerminationRequest={[Function]}
          onStartShouldSetResponder={[Function]}
          style={
            {
              "alignItems": "center",
              "backgroundColor": "rgba(255, 255, 255, 0)",
              "flexDirection": "row",
              "marginBottom": 1,
              "minHeight": 67,
              "padding": 11,
            }
          }
        >
          <Text
            style={
              {
                "color": "#FFFFFF",
                "flexShrink": 1,
                "fontFamily": "Quicksand-Regular",
                "fontSize": 22,
                "paddingHorizontal": 11,
                "textAlign": "left",
              }
            }
          >
            <Text
              style={
                {
                  "fontFamily": "Quicksand-Regular",
                }
              }
            >
              ƀ
            </Text>
             - bits
          </Text>
          <Text
            style={
              {
                "color": "#FFFFFF",
                "flexGrow": 1,
                "flexShrink": 1,
                "fontFamily": "Quicksand-Regular",
                "fontSize": 22,
                "paddingHorizontal": 11,
                "textAlign": "left",
              }
            }
          />
          <View>
            <View
              pending={false}
              style={
                [
                  {
                    "aspectRatio": 1,
                    "position": "absolute",
                    "width": "100%",
                    "zIndex": 1,
                  },
                  {
                    "opacity": 0,
                  },
                ]
              }
            >
              <ActivityIndicator
                color="#00f1a2"
                style={
                  {
                    "height": 34,
                    "marginHorizontal": 11,
                  }
                }
              />
            </View>
            <View
              pending={false}
              style={
                {
                  "opacity": 1,
                }
              }
            >
              <Text
                accessibilityHint="Off undefined"
                accessibilityRole="radio"
                allowFontScaling={false}
                style={
                  [
                    {
                      "color": undefined,
                      "fontSize": 12,
                    },
                    {
                      "color": "#00f1a2",
                      "fontSize": 28,
                      "marginHorizontal": 11,
                    },
                    {
                      "fontFamily": "Ionicons",
                      "fontStyle": "normal",
                      "fontWeight": "normal",
                    },
                    {},
                  ]
                }
              >
                
              </Text>
            </View>
          </View>
        </View>
      </View>
    </RCTScrollView>
  </View>
</BVLinearGradient>
`;
