// Jest Snapshot v1, https://goo.gl/fbAQLP

exports[`FioConnectWalletConfirm should render with loading props 1`] = `
<SceneWrapper
  background="header"
>
  <ScrollView>
    <WithTheme(TileComponent)
      body="MyFioAddress"
      title="FIO Crypto Handle"
      type="static"
    />
    <Radio
      marginRem={
        Array [
          2,
          2,
          0,
        ]
      }
      onPress={[Function]}
      value={false}
    >
      <WithTheme(EdgeTextComponent)
        numberOfLines={4}
        style={
          Object {
            "color": "#FFFFFF",
            "fontSize": 17,
            "marginLeft": 22,
          }
        }
      >
        I acknowledge that one address from each wallet will become public. These addresses will remain public even after wallets are disconnected.
      </WithTheme(EdgeTextComponent)>
    </Radio>
    <WithTheme(SliderComponent)
      disabled={true}
      disabledText="Slide to Confirm"
      onSlidingComplete={[Function]}
      parentStyle={
        Object {
          "paddingVertical": 45,
        }
      }
      showSpinner={false}
    />
  </ScrollView>
</SceneWrapper>
`;
