// Jest Snapshot v1, https://goo.gl/fbAQLP

exports[`SwapSuccessSceneComponent should render with loading props 1`] = `
<Memo(SceneWrapperComponent)
  hasNotifications={true}
>
  <View
    style={
      {
        "alignItems": "center",
        "flex": 1,
        "justifyContent": "center",
      }
    }
  >
    <EdgeText
      style={
        {
          "fontSize": 28,
          "fontWeight": "600",
          "marginBottom": 28,
          "textAlign": "center",
          "width": "100%",
        }
      }
    >
      Congratulations!
    </EdgeText>
    <EdgeText
      numberOfLines={2}
      style={
        {
          "fontSize": 17,
          "fontWeight": "600",
          "marginBottom": 34,
          "maxWidth": 225,
          "textAlign": "center",
        }
      }
    >
      Your exchange has been successfully completed!
    </EdgeText>
    <EdgeText
      numberOfLines={3}
      style={
        [
          {
            "fontSize": 17,
            "fontWeight": "600",
            "marginBottom": 34,
            "maxWidth": 225,
            "textAlign": "center",
          },
          {
            "maxWidth": 213,
          },
        ]
      }
    >
      Exchanges may take a few minutes and up to 24 hours to process.
    </EdgeText>
    <Fade
      visible={false}
    >
      <MainButton
        label="Done"
        onPress={[Function]}
        type="secondary"
      />
    </Fade>
  </View>
</Memo(SceneWrapperComponent)>
`;
