// Jest Snapshot v1, https://goo.gl/fbAQLP

exports[`SwapCreateScene should render with loading props 1`] = `
[
  <BVLinearGradient
    colors={
      [
        4279839052,
        4280174446,
      ]
    }
    endPoint={
      {
        "x": 0,
        "y": 0,
      }
    }
    locations={null}
    onLayout={[Function]}
    startPoint={
      {
        "x": 1,
        "y": 0,
      }
    }
    style={
      {
        "bottom": 0,
        "left": 0,
        "position": "absolute",
        "right": 0,
        "top": 0,
      }
    }
  >
    <RNSVGSvgView
      align="xMidYMid"
      bbHeight={0}
      bbWidth={0}
      focusable={false}
      height={0}
      meetOrSlice={0}
      minX={0}
      minY={0}
      style={
        {
          "backgroundColor": "transparent",
          "borderWidth": 0,
        }
      }
      vbHeight={0}
      vbWidth={0}
      width={0}
    >
      <RNSVGGroup
        fill={
          {
            "payload": 4278190080,
            "type": 0,
          }
        }
      >
        <RNSVGDefs />
        <RNSVGGroup
          fill={
            {
              "payload": 4278190080,
              "type": 0,
            }
          }
          opacity={0.1}
        />
      </RNSVGGroup>
    </RNSVGSvgView>
  </BVLinearGradient>,
  <RCTScrollView
    collapsable={false}
    contentContainerStyle={
      {
        "paddingBottom": 74.85492957746479,
        "paddingLeft": 0,
        "paddingRight": 0,
        "paddingTop": 64,
      }
    }
    keyboardShouldPersistTaps="handled"
    onScroll={[Function]}
    scrollEventThrottle={0.0001}
    scrollIndicatorInsets={
      {
        "right": 1,
      }
    }
    style={
      {
        "height": 1334,
        "maxHeight": 1334,
        "padding": 11,
        "width": 750,
      }
    }
  >
    <View>
      <View
        entering={BaseAnimationMock {}}
        layout={BaseAnimationMock {}}
      >
        <View
          accessibilityState={
            {
              "busy": undefined,
              "checked": undefined,
              "disabled": false,
              "expanded": undefined,
              "selected": undefined,
            }
          }
          accessibilityValue={
            {
              "max": undefined,
              "min": undefined,
              "now": undefined,
              "text": undefined,
            }
          }
          accessible={true}
          collapsable={false}
          focusable={true}
          onClick={[Function]}
          onResponderGrant={[Function]}
          onResponderMove={[Function]}
          onResponderRelease={[Function]}
          onResponderTerminate={[Function]}
          onResponderTerminationRequest={[Function]}
          onStartShouldSetResponder={[Function]}
          style={
            {
              "alignItems": "center",
              "alignSelf": "center",
              "flexBasis": "auto",
              "flexGrow": 0,
              "flexShrink": 0,
              "justifyContent": "center",
              "opacity": 1,
              "paddingBottom": 22,
              "paddingLeft": 0,
              "paddingRight": 0,
              "paddingTop": 22,
            }
          }
        >
          <BVLinearGradient
            colors={
              [
                872415231,
                872415231,
              ]
            }
            endPoint={
              {
                "x": 1,
                "y": 1,
              }
            }
            locations={null}
            startPoint={
              {
                "x": 0,
                "y": 0,
              }
            }
            style={
              [
                {
                  "alignItems": "center",
                  "borderRadius": 34,
                  "flexDirection": "row",
                  "flexGrow": 0,
                  "flexShrink": 0,
                  "justifyContent": "center",
                },
                {
                  "alignSelf": "center",
                },
                {
                  "height": 67,
                  "paddingHorizontal": 34,
                },
                {
                  "opacity": 1,
                },
              ]
            }
          >
            <Text
              adjustsFontSizeToFit={true}
              minimumFontScale={0.65}
              numberOfLines={1}
              style={
                [
                  {
                    "color": "#FFFFFF",
                    "fontFamily": "NunitoSans-Regular",
                    "fontSize": 22,
                    "includeFontPadding": false,
                  },
                  [
                    {
                      "color": "#FFFFFF",
                      "fontFamily": "NunitoSans-Regular",
                      "fontSize": 22,
                    },
                    null,
                  ],
                  null,
                ]
              }
            >
              Select Source Wallet
            </Text>
          </BVLinearGradient>
        </View>
      </View>
      <View
        layout={BaseAnimationMock {}}
      >
        <View
          style={
            {
              "alignItems": "center",
              "flexDirection": "row",
              "flexGrow": 1,
              "justifyContent": "space-between",
              "marginVertical": 11,
              "paddingHorizontal": 11,
            }
          }
        >
          <View
            style={
              {
                "borderBottomColor": "#e27226",
                "borderBottomWidth": 1,
                "flex": 1,
              }
            }
          />
          <View
            accessibilityState={
              {
                "busy": undefined,
                "checked": undefined,
                "disabled": false,
                "expanded": undefined,
                "selected": undefined,
              }
            }
            accessibilityValue={
              {
                "max": undefined,
                "min": undefined,
                "now": undefined,
                "text": undefined,
              }
            }
            accessible={false}
            collapsable={false}
            focusable={true}
            onClick={[Function]}
            onResponderGrant={[Function]}
            onResponderMove={[Function]}
            onResponderRelease={[Function]}
            onResponderTerminate={[Function]}
            onResponderTerminationRequest={[Function]}
            onStartShouldSetResponder={[Function]}
            style={
              {
                "marginBottom": 0,
                "marginLeft": 0,
                "marginRight": 0,
                "marginTop": 0,
                "opacity": 1,
                "paddingBottom": 0,
                "paddingLeft": 11,
                "paddingRight": 11,
                "paddingTop": 0,
              }
            }
          >
            <Text
              adjustsFontSizeToFit={true}
              allowFontScaling={false}
              selectable={false}
              style={
                [
                  {
                    "color": undefined,
                    "fontSize": 12,
                  },
                  {
                    "color": "#e27226",
                    "fontSize": 45,
                  },
                  {
                    "fontFamily": "Ionicons",
                    "fontStyle": "normal",
                    "fontWeight": "normal",
                  },
                  {},
                ]
              }
            >
              îº´
            </Text>
          </View>
          <View
            style={
              {
                "borderBottomColor": "#e27226",
                "borderBottomWidth": 1,
                "flex": 1,
              }
            }
          />
        </View>
      </View>
      <View
        entering={BaseAnimationMock {}}
        layout={BaseAnimationMock {}}
      >
        <View
          accessibilityState={
            {
              "busy": undefined,
              "checked": undefined,
              "disabled": false,
              "expanded": undefined,
              "selected": undefined,
            }
          }
          accessibilityValue={
            {
              "max": undefined,
              "min": undefined,
              "now": undefined,
              "text": undefined,
            }
          }
          accessible={true}
          collapsable={false}
          focusable={true}
          onClick={[Function]}
          onResponderGrant={[Function]}
          onResponderMove={[Function]}
          onResponderRelease={[Function]}
          onResponderTerminate={[Function]}
          onResponderTerminationRequest={[Function]}
          onStartShouldSetResponder={[Function]}
          style={
            {
              "alignItems": "center",
              "alignSelf": "center",
              "flexBasis": "auto",
              "flexGrow": 0,
              "flexShrink": 0,
              "justifyContent": "center",
              "opacity": 1,
              "paddingBottom": 22,
              "paddingLeft": 0,
              "paddingRight": 0,
              "paddingTop": 22,
            }
          }
        >
          <BVLinearGradient
            colors={
              [
                872415231,
                872415231,
              ]
            }
            endPoint={
              {
                "x": 1,
                "y": 1,
              }
            }
            locations={null}
            startPoint={
              {
                "x": 0,
                "y": 0,
              }
            }
            style={
              [
                {
                  "alignItems": "center",
                  "borderRadius": 34,
                  "flexDirection": "row",
                  "flexGrow": 0,
                  "flexShrink": 0,
                  "justifyContent": "center",
                },
                {
                  "alignSelf": "center",
                },
                {
                  "height": 67,
                  "paddingHorizontal": 34,
                },
                {
                  "opacity": 1,
                },
              ]
            }
          >
            <Text
              adjustsFontSizeToFit={true}
              minimumFontScale={0.65}
              numberOfLines={1}
              style={
                [
                  {
                    "color": "#FFFFFF",
                    "fontFamily": "NunitoSans-Regular",
                    "fontSize": 22,
                    "includeFontPadding": false,
                  },
                  [
                    {
                      "color": "#FFFFFF",
                      "fontFamily": "NunitoSans-Regular",
                      "fontSize": 22,
                    },
                    null,
                  ],
                  null,
                ]
              }
            >
              Select Receiving Wallet
            </Text>
          </BVLinearGradient>
        </View>
      </View>
      <View
        entering={BaseAnimationMock {}}
        layout={BaseAnimationMock {}}
      />
      <View
        entering={BaseAnimationMock {}}
        layout={BaseAnimationMock {}}
      />
    </View>
  </RCTScrollView>,
  <View
    footerHeight={0}
    footerOpenRatio={
      {
        "value": 1,
      }
    }
    hasTabs={true}
    insetBottom={0}
    onLayout={[Function]}
    style={
      [
        {
          "alignSelf": "center",
          "bottom": 0,
          "justifyContent": "flex-end",
          "paddingHorizontal": 11,
          "position": "absolute",
        },
        {
          "transform": [
            {
              "translateY": NaN,
            },
          ],
        },
      ]
    }
  >
    <View
      entering={BaseAnimationMock {}}
      exiting={BaseAnimationMock {}}
      layout={BaseAnimationMock {}}
    >
      <View
        style={
          [
            {
              "alignItems": "center",
              "backgroundColor": "#1c385d",
              "borderRadius": 11,
              "flexDirection": "row",
              "justifyContent": "center",
              "margin": 11,
              "marginTop": 0,
              "padding": 11,
              "shadowOffset": {
                "height": 0,
                "width": 0,
              },
              "shadowOpacity": 0.7,
              "shadowRadius": 11,
            },
            {
              "opacity": 1,
            },
          ]
        }
      >
        <View
          accessibilityState={
            {
              "busy": undefined,
              "checked": undefined,
              "disabled": false,
              "expanded": undefined,
              "selected": undefined,
            }
          }
          accessibilityValue={
            {
              "max": undefined,
              "min": undefined,
              "now": undefined,
              "text": undefined,
            }
          }
          accessible={true}
          collapsable={false}
          focusable={true}
          onClick={[Function]}
          onResponderGrant={[Function]}
          onResponderMove={[Function]}
          onResponderRelease={[Function]}
          onResponderTerminate={[Function]}
          onResponderTerminationRequest={[Function]}
          onStartShouldSetResponder={[Function]}
          style={
            {
              "alignItems": "center",
              "flexDirection": "row",
              "flexShrink": 1,
              "justifyContent": "center",
              "margin": 6,
              "opacity": 1,
            }
          }
        >
          <View
            style={
              [
                {
                  "overflow": "hidden",
                },
                {
                  "height": 56,
                  "marginRight": 6,
                  "width": 56,
                },
              ]
            }
          >
            <FastImageView
              resizeMode="cover"
              source={
                {
                  "uri": "https://content.edge.app/notifications/icon-lock.png",
                }
              }
              style={
                {
                  "bottom": 0,
                  "left": 0,
                  "position": "absolute",
                  "right": 0,
                  "top": 0,
                }
              }
            />
          </View>
          <View
            style={
              {
                "flexShrink": 1,
                "width": "100%",
              }
            }
          >
            <Text
              adjustsFontSizeToFit={true}
              minimumFontScale={0.65}
              numberOfLines={1}
              style={
                [
                  {
                    "color": "#FFFFFF",
                    "fontFamily": "NunitoSans-Regular",
                    "fontSize": 22,
                    "includeFontPadding": false,
                  },
                  {
                    "color": "#FFFFFF",
                    "fontFamily": "NunitoSans-Bold",
                    "fontSize": 17,
                    "marginHorizontal": 6,
                  },
                  null,
                ]
              }
              type="info"
            >
              IP Validation Protection
            </Text>
            <Text
              adjustsFontSizeToFit={true}
              minimumFontScale={0.65}
              numberOfLines={3}
              style={
                [
                  {
                    "color": "#FFFFFF",
                    "fontFamily": "NunitoSans-Regular",
                    "fontSize": 22,
                    "includeFontPadding": false,
                  },
                  {
                    "color": "#A5D4FF",
                    "fontSize": 17,
                    "marginHorizontal": 6,
                  },
                  null,
                ]
              }
              type="info"
            >
              Coinhub Bitcoin Wallet prevents logins from unrecognized IP addresses. Tap to learn more.
            </Text>
          </View>
        </View>
        <View
          accessibilityState={
            {
              "busy": undefined,
              "checked": undefined,
              "disabled": false,
              "expanded": undefined,
              "selected": undefined,
            }
          }
          accessibilityValue={
            {
              "max": undefined,
              "min": undefined,
              "now": undefined,
              "text": undefined,
            }
          }
          accessible={true}
          collapsable={false}
          focusable={true}
          onClick={[Function]}
          onResponderGrant={[Function]}
          onResponderMove={[Function]}
          onResponderRelease={[Function]}
          onResponderTerminate={[Function]}
          onResponderTerminationRequest={[Function]}
          onStartShouldSetResponder={[Function]}
          style={
            {
              "margin": 6,
              "opacity": 1,
            }
          }
        >
          <Text
            allowFontScaling={false}
            selectable={false}
            style={
              [
                {
                  "color": "#e27226",
                  "fontSize": 28,
                },
                undefined,
                {
                  "fontFamily": "anticon",
                  "fontStyle": "normal",
                  "fontWeight": "normal",
                },
                {},
              ]
            }
          >
            î³
          </Text>
        </View>
      </View>
    </View>
  </View>,
]
`;
