// Jest Snapshot v1, https://goo.gl/fbAQLP

exports[`ExchangedFlipInput should render with loading props 1`] = `
<ForwardRef
  exchangeSecondaryToPrimaryRatio="0"
  forceUpdateGuiCounter={0}
  headerText="123"
  isEditable={true}
  isFiatOnTop={false}
  isFocus={true}
  keyboardVisible={true}
  onAmountChanged={[Function]}
  overridePrimaryDecimalAmount="3119046"
  primaryInfo={
    {
      "currencyCode": "BTC",
      "currencyName": "BTC",
      "currencySymbol": "₿",
      "maxConversionDecimals": 0,
      "maxEntryDecimals": 10,
      "pluginId": undefined,
    }
  }
  secondaryInfo={
    {
      "currencyCode": "BTC",
      "currencyName": "BTC",
      "currencySymbol": "₿",
      "maxConversionDecimals": 10,
      "maxEntryDecimals": 10,
    }
  }
/>
`;
