// Jest Snapshot v1, https://goo.gl/fbAQLP

exports[`PromoCard should render 1`] = `
<View
  accessibilityState={
    {
      "busy": undefined,
      "checked": undefined,
      "disabled": undefined,
      "expanded": undefined,
      "selected": undefined,
    }
  }
  accessibilityValue={
    {
      "max": undefined,
      "min": undefined,
      "now": undefined,
      "text": undefined,
    }
  }
  accessible={false}
  collapsable={false}
  focusable={true}
  onClick={[Function]}
  onResponderGrant={[Function]}
  onResponderMove={[Function]}
  onResponderRelease={[Function]}
  onResponderTerminate={[Function]}
  onResponderTerminationRequest={[Function]}
  onStartShouldSetResponder={[Function]}
  style={
    {
      "marginBottom": 22,
      "marginLeft": 22,
      "marginRight": 22,
      "marginTop": 22,
      "opacity": 1,
      "paddingBottom": 11,
      "paddingLeft": 11,
      "paddingRight": 11,
      "paddingTop": 11,
    }
  }
>
  <View
    style={
      {
        "alignItems": "center",
        "backgroundColor": "rgba(255, 255, 255, 0)",
        "flexDirection": "row",
        "padding": 11,
      }
    }
  >
    <View
      style={
        [
          {
            "overflow": "hidden",
          },
          {
            "height": 45,
            "margin": 11,
            "width": 45,
          },
        ]
      }
    >
      <FastImageView
        resizeMode="contain"
        source={
          {
            "uri": "https://edge.app/favicon.ico",
          }
        }
        style={
          {
            "bottom": 0,
            "left": 0,
            "position": "absolute",
            "right": 0,
            "top": 0,
          }
        }
      />
    </View>
    <Text
      adjustsFontSizeToFit={true}
      minimumFontScale={0.65}
      numberOfLines={0}
      style={
        [
          {
            "color": "#FFFFFF",
            "fontFamily": "Quicksand-Regular",
            "fontSize": 22,
            "includeFontPadding": false,
          },
          {
            "flex": 1,
            "margin": 11,
          },
          null,
        ]
      }
      testID="promoCard"
    >
      Show me
    </Text>
    <View
      accessibilityState={
        {
          "busy": undefined,
          "checked": undefined,
          "disabled": undefined,
          "expanded": undefined,
          "selected": undefined,
        }
      }
      accessibilityValue={
        {
          "max": undefined,
          "min": undefined,
          "now": undefined,
          "text": undefined,
        }
      }
      accessible={false}
      collapsable={false}
      focusable={true}
      onClick={[Function]}
      onResponderGrant={[Function]}
      onResponderMove={[Function]}
      onResponderRelease={[Function]}
      onResponderTerminate={[Function]}
      onResponderTerminationRequest={[Function]}
      onStartShouldSetResponder={[Function]}
      style={
        {
          "opacity": 1,
        }
      }
    >
      <Text
        accessibilityHint="Close"
        allowFontScaling={false}
        style={
          [
            {
              "color": "#00f1a2",
              "fontSize": 22,
            },
            {
              "padding": 11,
            },
            {
              "fontFamily": "anticon",
              "fontStyle": "normal",
              "fontWeight": "normal",
            },
            {},
          ]
        }
        testID="closePromo"
      >
        î˜³
      </Text>
    </View>
  </View>
</View>
`;
