// Jest Snapshot v1, https://goo.gl/fbAQLP

exports[`SceneHeader should render with loading props 1`] = `
[
  <View
    style={
      [
        {
          "justifyContent": "center",
          "marginHorizontal": 22,
          "paddingBottom": 22,
        },
        {
          "marginTop": 22,
        },
        undefined,
      ]
    }
  >
    <View
      style={
        {
          "alignItems": "center",
          "flexDirection": "row",
          "justifyContent": "space-between",
        }
      }
    >
      <Text
        adjustsFontSizeToFit={true}
        minimumFontScale={0.65}
        numberOfLines={1}
        style={
          [
            {
              "color": "#FFFFFF",
              "fontFamily": "Quicksand-Regular",
              "fontSize": 22,
              "includeFontPadding": false,
            },
            {
              "fontFamily": "Quicksand-Medium",
              "fontSize": 27,
            },
            null,
          ]
        }
      >
        string
      </Text>
    </View>
    hello
  </View>,
  <BVLinearGradient
    colors={
      [
        452984831,
        452984831,
      ]
    }
    endPoint={
      {
        "x": 1,
        "y": 0.5,
      }
    }
    locations={null}
    startPoint={
      {
        "x": 0,
        "y": 0.5,
      }
    }
    style={
      [
        {
          "alignSelf": "stretch",
          "height": 1,
        },
        {
          "marginBottom": 0,
          "marginLeft": 22,
          "marginRight": 0,
          "marginTop": 0,
        },
      ]
    }
  />,
]
`;
