// Jest Snapshot v1, https://goo.gl/fbAQLP

exports[`TransactionListTop should render with loading props 1`] = `
<React.Fragment>
  <View
    style={
      Object {
        "flex": 1,
        "marginBottom": 11,
        "paddingBottom": 22,
        "paddingHorizontal": 22,
      }
    }
  >
    <View
      style={
        Object {
          "flexDirection": "row",
          "marginTop": 11,
        }
      }
    >
      <View
        style={
          Object {
            "flex": 1,
            "flexDirection": "column",
          }
        }
      >
        <ForwardRef
          label="Search Transactions"
          marginRem={0}
          onBlur={[Function]}
          onChangeText={[Function]}
          onFocus={[Function]}
          returnKeyType="search"
          searchIcon={true}
          value=""
        />
      </View>
    </View>
    <React.Fragment>
      <View
        style={
          Object {
            "marginTop": 22,
          }
        }
      >
        <View
          style={
            Object {
              "flexDirection": "row",
            }
          }
        >
          <View
            style={
              Object {
                "flex": 1,
              }
            }
          >
            <View
              style={
                Object {
                  "flexDirection": "row",
                  "justifyContent": "space-between",
                }
              }
            >
              <TouchableOpacity
                onPress={[Function]}
                style={
                  Object {
                    "alignItems": "center",
                    "flexDirection": "row",
                    "flexShrink": 1,
                    "marginRight": 11,
                  }
                }
              >
                <WithTheme(EdgeTextComponent)
                  style={
                    Object {
                      "flexShrink": 1,
                      "fontSize": 28,
                      "marginRight": 6,
                    }
                  }
                >
                  string
                </WithTheme(EdgeTextComponent)>
                <Icon
                  allowFontScaling={false}
                  color="#66EDA8"
                  name="chevron-forward"
                  size={34}
                />
              </TouchableOpacity>
              <Memo(CryptoIconComponent)
                currencyCode="string"
                sizeRem={1.5}
              />
            </View>
            <TouchableOpacity
              onPress={[Function]}
            >
              <React.Fragment>
                <WithTheme(EdgeTextComponent)
                  minimumFontScale={0.3}
                  style={
                    Object {
                      "fontFamily": "Quicksand-Medium",
                      "fontSize": 45,
                    }
                  }
                >
                  string string
                </WithTheme(EdgeTextComponent)>
                <WithTheme(EdgeTextComponent)
                  style={
                    Object {
                      "fontSize": 28,
                    }
                  }
                >
                  stringstring string
                </WithTheme(EdgeTextComponent)>
              </React.Fragment>
            </TouchableOpacity>
          </View>
        </View>
      </View>
      <View
        style={
          Object {
            "flexDirection": "row",
            "marginTop": 22,
          }
        }
      >
        <TouchableOpacity
          onPress={[Function]}
          style={
            Object {
              "alignItems": "center",
              "flexDirection": "row",
              "flexShrink": 1,
              "justifyContent": "flex-start",
              "paddingRight": 34,
            }
          }
        >
          <Icon
            allowFontScaling={false}
            color="#66EDA8"
            name="arrowdown"
            size={22}
          />
          <WithTheme(EdgeTextComponent)
            style={
              Object {
                "color": "#66EDA8",
                "fontFamily": "Quicksand-Medium",
                "fontSize": 22,
                "marginLeft": 6,
              }
            }
          >
            Request
          </WithTheme(EdgeTextComponent)>
        </TouchableOpacity>
        <TouchableOpacity
          onPress={[Function]}
          style={
            Object {
              "alignItems": "center",
              "flexDirection": "row",
              "flexShrink": 1,
              "justifyContent": "flex-start",
              "paddingRight": 34,
            }
          }
        >
          <Icon
            allowFontScaling={false}
            color="#66EDA8"
            name="arrowup"
            size={22}
          />
          <WithTheme(EdgeTextComponent)
            style={
              Object {
                "color": "#66EDA8",
                "fontFamily": "Quicksand-Medium",
                "fontSize": 22,
                "marginLeft": 6,
              }
            }
          >
            Send
          </WithTheme(EdgeTextComponent)>
        </TouchableOpacity>
      </View>
    </React.Fragment>
  </View>
  <Memo(SceneHeaderComponent)
    underline={true}
  >
    <WithTheme(EdgeTextComponent)
      style={
        Object {
          "fontFamily": "Quicksand-Medium",
        }
      }
    >
      Transactions
    </WithTheme(EdgeTextComponent)>
  </Memo(SceneHeaderComponent)>
</React.Fragment>
`;
