// Jest Snapshot v1, https://goo.gl/fbAQLP

exports[`WalletListSortableRow should render with fake wallet 1`] = `
<View
  accessibilityState={
    {
      "busy": undefined,
      "checked": undefined,
      "disabled": undefined,
      "expanded": undefined,
      "selected": undefined,
    }
  }
  accessibilityValue={
    {
      "max": undefined,
      "min": undefined,
      "now": undefined,
      "text": undefined,
    }
  }
  accessible={true}
  collapsable={false}
  focusable={false}
  onClick={[Function]}
  onResponderGrant={[Function]}
  onResponderMove={[Function]}
  onResponderRelease={[Function]}
  onResponderTerminate={[Function]}
  onResponderTerminationRequest={[Function]}
  onStartShouldSetResponder={[Function]}
  style={
    {
      "opacity": 1,
      "paddingHorizontal": 22,
    }
  }
>
  <View
    style={
      {
        "alignItems": "center",
        "backgroundColor": "rgba(255, 255, 255, 0)",
        "flexDirection": "row",
        "height": 96,
        "justifyContent": "center",
      }
    }
  >
    <View
      style={
        {
          "alignItems": "center",
          "justifyContent": "center",
          "marginRight": 22,
          "width": 28,
        }
      }
    >
      <Text
        allowFontScaling={false}
        style={
          [
            {
              "color": "#FFFFFF",
              "fontSize": 28,
            },
            undefined,
            {
              "fontFamily": "Ionicons",
              "fontStyle": "normal",
              "fontWeight": "normal",
            },
            {},
          ]
        }
      >
        ÔèΩ
      </Text>
    </View>
    <View
      style={
        {
          "alignItems": "center",
          "justifyContent": "center",
          "marginRight": 22,
          "width": 28,
        }
      }
    >
      <View
        style={
          {
            "height": 45,
            "marginBottom": 0,
            "marginLeft": 0,
            "marginRight": 0,
            "marginTop": 0,
            "width": 45,
          }
        }
      >
        <View
          style={
            [
              {
                "overflow": "hidden",
              },
              {
                "bottom": 0,
                "left": 0,
                "position": "absolute",
                "right": 0,
                "top": 0,
              },
            ]
          }
        >
          <FastImageView
            resizeMode="cover"
            source={
              {
                "uri": "https://content.edge.app/currencyIconsV3/fake/fake.png",
              }
            }
            style={
              {
                "bottom": 0,
                "left": 0,
                "position": "absolute",
                "right": 0,
                "top": 0,
              }
            }
          />
        </View>
      </View>
    </View>
    <View
      style={
        {
          "flex": 1,
          "flexDirection": "column",
        }
      }
    >
      <View
        style={
          {
            "alignItems": "center",
            "flexDirection": "row",
            "justifyContent": "center",
          }
        }
      >
        <Text
          adjustsFontSizeToFit={true}
          minimumFontScale={0.65}
          numberOfLines={1}
          style={
            [
              {
                "color": "#FFFFFF",
                "fontFamily": "Quicksand-Regular",
                "fontSize": 22,
                "includeFontPadding": false,
              },
              {
                "flex": 1,
              },
              null,
            ]
          }
        >
          FAKE
        </Text>
        <Text
          adjustsFontSizeToFit={true}
          minimumFontScale={0.65}
          numberOfLines={1}
          style={
            [
              {
                "color": "#FFFFFF",
                "fontFamily": "Quicksand-Regular",
                "fontSize": 22,
                "includeFontPadding": false,
              },
              {
                "textAlign": "right",
              },
              null,
            ]
          }
        >
           0
        </Text>
      </View>
      <View
        style={
          {
            "alignItems": "center",
            "flexDirection": "row",
            "justifyContent": "center",
          }
        }
      >
        <Text
          adjustsFontSizeToFit={true}
          minimumFontScale={0.65}
          numberOfLines={1}
          style={
            [
              {
                "color": "#FFFFFF",
                "fontFamily": "Quicksand-Regular",
                "fontSize": 22,
                "includeFontPadding": false,
              },
              {
                "color": "#A4C7DF",
                "flex": 1,
                "fontSize": 17,
              },
              null,
            ]
          }
        >
          Test wallet
        </Text>
        <Text
          adjustsFontSizeToFit={true}
          minimumFontScale={0.65}
          numberOfLines={1}
          style={
            [
              {
                "color": "#FFFFFF",
                "fontFamily": "Quicksand-Regular",
                "fontSize": 22,
                "includeFontPadding": false,
              },
              {
                "color": "#A4C7DF",
                "fontSize": 17,
                "textAlign": "right",
              },
              null,
            ]
          }
        >
          0.00
        </Text>
      </View>
    </View>
  </View>
</View>
`;

exports[`WalletListSortableRow should render with loading wallet 1`] = `
<View
  accessibilityState={
    {
      "busy": undefined,
      "checked": undefined,
      "disabled": undefined,
      "expanded": undefined,
      "selected": undefined,
    }
  }
  accessibilityValue={
    {
      "max": undefined,
      "min": undefined,
      "now": undefined,
      "text": undefined,
    }
  }
  accessible={true}
  collapsable={false}
  focusable={false}
  onClick={[Function]}
  onResponderGrant={[Function]}
  onResponderMove={[Function]}
  onResponderRelease={[Function]}
  onResponderTerminate={[Function]}
  onResponderTerminationRequest={[Function]}
  onStartShouldSetResponder={[Function]}
  style={
    {
      "opacity": 1,
      "paddingHorizontal": 22,
    }
  }
>
  <View
    style={
      [
        {
          "alignItems": "center",
          "backgroundColor": "rgba(255, 255, 255, 0)",
          "flexDirection": "row",
          "height": 96,
          "justifyContent": "center",
        },
        {
          "alignItems": "center",
          "justifyContent": "center",
        },
      ]
    }
  >
    <ActivityIndicator
      color="#FFFFFF"
      size="small"
    />
  </View>
</View>
`;
